// Jest Snapshot v1, https://goo.gl/fbAQLP

exports[`Testing the basic component 1`] = `
<div>
  <h1>
    hello World 123
  </h1>
</div>
`;
